Let's start!
  Exception 12  [Arithmetic overflow]  occurred and ignored
5
  Exception 12  [Arithmetic overflow]  occurred and ignored
  Exception 12  [Arithmetic overflow]  occurred and ignored
  Exception 12  [Arithmetic overflow]  occurred and ignored
  Exception 12  [Arithmetic overflow]  occurred and ignored
