MR, the leading TA enjoys this work. XD
MR, the leading TA wants to give up!!!!!
Mars, the striking TA enjoys this work. XD
Mars, the striking TA wants to give up!!!!!
Mars, the striking TA wants to give up!!!!!
