  Exception 4  [Address error in inst/data fetch]  occurred and ignored
  Exception 4  [Address error in inst/data fetch]  occurred and ignored
