  Exception 5  [Address error in store]  occurred and ignored
  Exception 7  [Bad data address]  occurred and ignored
