 O . . . . . . . .
 O . . . . . . . .
 O . . . . . . . .
 O . . . . . . . .
 O . . . . . . . .
 O . . . . . . . .
 O . . . . . . . .
 O . . . . . . . .

  Exception 7  [Bad data address]  occurred and ignored
  Exception 7  [Bad data address]  occurred and ignored
  Exception 7  [Bad data address]  occurred and ignored
  Exception 7  [Bad data address]  occurred and ignored
  Exception 7  [Bad data address]  occurred and ignored
  Exception 7  [Bad data address]  occurred and ignored
  Exception 7  [Bad data address]  occurred and ignored
  Exception 7  [Bad data address]  occurred and ignored
  Exception 7  [Bad data address]  occurred and ignored
  Exception 7  [Bad data address]  occurred and ignored
  Exception 7  [Bad data address]  occurred and ignored
  Exception 7  [Bad data address]  occurred and ignored
  Exception 7  [Bad data address]  occurred and ignored
  Exception 7  [Bad data address]  occurred and ignored
  Exception 7  [Bad data address]  occurred and ignored
  Exception 7  [Bad data address]  occurred and ignored
  Exception 7  [Bad data address]  occurred and ignored
  Exception 7  [Bad data address]  occurred and ignored
  Exception 7  [Bad data address]  occurred and ignored
  Exception 7  [Bad data address]  occurred and ignored
  Exception 7  [Bad data address]  occurred and ignored
  Exception 7  [Bad data address]  occurred and ignored
  Exception 7  [Bad data address]  occurred and ignored
  Exception 7  [Bad data address]  occurred and ignored
  Exception 7  [Bad data address]  occurred and ignored
  Exception 7  [Bad data address]  occurred and ignored
  Exception 7  [Bad data address]  occurred and ignored
  Exception 7  [Bad data address]  occurred and ignored
  Exception 7  [Bad data address]  occurred and ignored
  Exception 7  [Bad data address]  occurred and ignored
  Exception 7  [Bad data address]  occurred and ignored
  Exception 7  [Bad data address]  occurred and ignored
  Exception 7  [Bad data address]  occurred and ignored
  Exception 7  [Bad data address]  occurred and ignored
  Exception 7  [Bad data address]  occurred and ignored